---
source: tests/gql/snapshots.rs
expression: stmt
---
Mutation:
  match_clause: ~
  optional_match_clauses: []
  where_clause: ~
  mutations:
    - Create:
        patterns:
          - elements:
              - Node:
                  variable: p
                  labels:
                    - Person
                  properties:
                    - - name
                      - String: Alice
                  where_clause: ~
  foreach_clauses: []
  return_clause:
    distinct: false
    items:
      - expression:
          Variable: p
        alias: ~
