---
source: tests/gql_snapshots.rs
expression: ast
---
match_clause:
  patterns:
    - elements:
        - Node:
            variable: n
            labels:
              - Person
            properties: []
optional_match_clauses: []
with_path_clause: ~
unwind_clauses: []
where_clause:
  expression:
    BinaryOp:
      left:
        Property:
          variable: n
          property: email
      op: EndsWith
      right:
        Literal:
          String: ".com"
return_clause:
  distinct: false
  items:
    - expression:
        Variable: n
      alias: ~
group_by_clause: ~
order_clause: ~
limit_clause: ~
