---
source: tests/gql_snapshots.rs
expression: ast
---
match_clause:
  patterns:
    - elements:
        - Node:
            variable: n
            labels:
              - Person
            properties: []
optional_match_clauses: []
where_clause: ~
return_clause:
  distinct: false
  items:
    - expression:
        Aggregate:
          func: Avg
          distinct: false
          expr:
            Property:
              variable: n
              property: age
      alias: ~
group_by_clause: ~
order_clause: ~
limit_clause: ~
