---
source: tests/gql_snapshots.rs
expression: ast
---
match_clause:
  patterns:
    - elements:
        - Node:
            variable: n
            labels:
              - Person
            properties: []
optional_match_clauses: []
where_clause: ~
return_clause:
  distinct: false
  items:
    - expression:
        Variable: n
      alias: ~
group_by_clause: ~
order_clause: ~
limit_clause:
  limit: 10
  offset: 5
