---
source: tests/gql_snapshots.rs
expression: stmt
---
Ddl:
  CreateNodeType:
    name: Product
    properties:
      - name: name
        prop_type: String
        required: true
        default: ~
      - name: metadata
        prop_type:
          Map: Any
        required: false
        default: ~
