---
source: tests/gql_snapshots.rs
expression: stmt
---
Mutation:
  match_clause:
    patterns:
      - elements:
          - Node:
              variable: a
              labels:
                - Person
              properties:
                - - name
                  - String: Alice
      - elements:
          - Node:
              variable: b
              labels:
                - Person
              properties:
                - - name
                  - String: Bob
  optional_match_clauses: []
  where_clause: ~
  mutations:
    - Create:
        patterns:
          - elements:
              - Node:
                  variable: a
                  labels: []
                  properties: []
              - Edge:
                  variable: ~
                  labels:
                    - KNOWS
                  direction: Outgoing
                  quantifier: ~
                  properties: []
              - Node:
                  variable: b
                  labels: []
                  properties: []
    - Set:
        items:
          - target:
              variable: a
              property: friendCount
            value:
              BinaryOp:
                left:
                  Property:
                    variable: a
                    property: friendCount
                op: Add
                right:
                  Literal:
                    Int: 1
  return_clause: ~
