---
source: tests/gql_snapshots.rs
expression: ast
---
match_clause:
  patterns:
    - elements:
        - Node:
            variable: p
            labels:
              - player
            properties: []
where_clause: ~
return_clause:
  distinct: false
  items:
    - expression:
        FunctionCall:
          name: floor
          args:
            - Property:
                variable: p
                property: ppg
      alias: ~
group_by_clause: ~
order_clause: ~
limit_clause: ~
