---
source: tests/gql_snapshots.rs
expression: ast
---
match_clause:
  patterns:
    - elements:
        - Node:
            variable: n
            labels:
              - Person
            properties: []
where_clause:
  expression:
    BinaryOp:
      left:
        Property:
          variable: n
          property: age
      op: Gt
      right:
        Literal:
          Int: 21
return_clause:
  distinct: false
  items:
    - expression:
        Variable: n
      alias: ~
order_clause: ~
limit_clause: ~
